cost_by_model object
cost_by_model.* object
cost_by_model.*.cache_read_cost number
cost_by_model.*.cache_savings number
cost_by_model.*.cache_write_1h_cost number
cost_by_model.*.cache_write_5m_cost number
cost_by_model.*.input_cost number
cost_by_model.*.output_cost number
cost_by_model.*.total_cost number
duration string
duration_seconds number
estimated_cost_messages number
first_active string
last_active string
message_count number
project_count number
projects array
projects[] object
projects[].cost_by_model object
projects[].cost_by_model.* object
projects[].cost_by_model.*.cache_read_cost number
projects[].cost_by_model.*.cache_savings number
projects[].cost_by_model.*.cache_write_1h_cost number
projects[].cost_by_model.*.cache_write_5m_cost number
projects[].cost_by_model.*.input_cost number
projects[].cost_by_model.*.output_cost number
projects[].cost_by_model.*.total_cost number
projects[].display_name string
projects[].encoded_path string
projects[].estimated_cost_messages number
projects[].first_active string
projects[].full_path string
projects[].last_active string
projects[].message_count number
projects[].original_path string
projects[].session_count number
projects[].skipped_agents number
projects[].skipped_lines number
projects[].skipped_sessions number
projects[].total_cost object
projects[].total_cost.cache_read_cost number
projects[].total_cost.cache_savings number
projects[].total_cost.cache_write_1h_cost number
projects[].total_cost.cache_write_5m_cost number
projects[].total_cost.input_cost number
projects[].total_cost.output_cost number
projects[].total_cost.total_cost number
projects[].total_usage object
projects[].total_usage.cache_creation object
projects[].total_usage.cache_creation.ephemeral_1h_input_tokens number
projects[].total_usage.cache_creation.ephemeral_5m_input_tokens number
projects[].total_usage.cache_creation_input_tokens number
projects[].total_usage.cache_read_input_tokens number
projects[].total_usage.input_tokens number
projects[].total_usage.output_tokens number
session_count number
skipped_agents number
skipped_lines number
skipped_projects number
skipped_sessions number
total_cost object
total_cost.cache_read_cost number
total_cost.cache_savings number
total_cost.cache_write_1h_cost number
total_cost.cache_write_5m_cost number
total_cost.input_cost number
total_cost.output_cost number
total_cost.total_cost number
total_usage object
total_usage.cache_creation object
total_usage.cache_creation.ephemeral_1h_input_tokens number
total_usage.cache_creation.ephemeral_5m_input_tokens number
total_usage.cache_creation_input_tokens number
total_usage.cache_read_input_tokens number
total_usage.input_tokens number
total_usage.output_tokens number
window object
window.since string
window.until string
