[] object
[].agent_count number
[].agent_message_count number
[].agent_paths array
[].agent_paths[] string
[].duration_seconds number
[].full_path string
[].message_count number
[].model string
[].modified string
[].original_path string
[].project_path string
[].session_id string
[].skipped_agents number
[].skipped_lines number
[].skipped_sessions number
[].start_time string
[].title string
[].total_cost object
[].total_cost.cache_read_cost number
[].total_cost.cache_savings number
[].total_cost.cache_write_1h_cost number
[].total_cost.cache_write_5m_cost number
[].total_cost.input_cost number
[].total_cost.output_cost number
[].total_cost.total_cost number
