session_id,project_path,session_file,input_cost,output_cost,cache_write_5m_cost,cache_write_1h_cost,cache_read_cost,total_cost,cache_savings,message_count,duration_seconds,agent_count,agent_message_count,parent_cost,agents_cost,workflow_count,skipped_sessions,skipped_agents,skipped_lines,estimated_cost_messages,session_count,unpriced_models
