agent_count number
agent_message_count number
agents array
agents[] object
agents[].agent_id string
agents[].cost_by_model object
agents[].cost_by_model.* object
agents[].cost_by_model.*.cache_read_cost number
agents[].cost_by_model.*.cache_savings number
agents[].cost_by_model.*.cache_write_1h_cost number
agents[].cost_by_model.*.cache_write_5m_cost number
agents[].cost_by_model.*.input_cost number
agents[].cost_by_model.*.output_cost number
agents[].cost_by_model.*.total_cost number
agents[].duration string
agents[].duration_seconds number
agents[].end_time string
agents[].estimated_cost_messages number
agents[].full_path string
agents[].message_count number
agents[].skipped_lines number
agents[].start_time string
agents[].total_cost object
agents[].total_cost.cache_read_cost number
agents[].total_cost.cache_savings number
agents[].total_cost.cache_write_1h_cost number
agents[].total_cost.cache_write_5m_cost number
agents[].total_cost.input_cost number
agents[].total_cost.output_cost number
agents[].total_cost.total_cost number
agents[].total_usage object
agents[].total_usage.cache_creation object
agents[].total_usage.cache_creation.ephemeral_1h_input_tokens number
agents[].total_usage.cache_creation.ephemeral_5m_input_tokens number
agents[].total_usage.cache_creation_input_tokens number
agents[].total_usage.cache_read_input_tokens number
agents[].total_usage.input_tokens number
agents[].total_usage.output_tokens number
agents[].workflow_id string
agents_cost object
agents_cost.cache_read_cost number
agents_cost.cache_savings number
agents_cost.cache_write_1h_cost number
agents_cost.cache_write_5m_cost number
agents_cost.input_cost number
agents_cost.output_cost number
agents_cost.total_cost number
cost_by_model object
cost_by_model.* object
cost_by_model.*.cache_read_cost number
cost_by_model.*.cache_savings number
cost_by_model.*.cache_write_1h_cost number
cost_by_model.*.cache_write_5m_cost number
cost_by_model.*.input_cost number
cost_by_model.*.output_cost number
cost_by_model.*.total_cost number
duration string
duration_seconds number
end_time string
estimated_cost_messages number
has_agents boolean
insights object
insights.average_cost number
insights.cost_trend string
insights.first_message object
insights.first_message.cost number
insights.first_message.index number
insights.first_message.main_cost_component string
insights.first_message.main_cost_value number
insights.first_message.timestamp string
insights.highest_cost object
insights.highest_cost.cost number
insights.highest_cost.index number
insights.highest_cost.main_cost_component string
insights.highest_cost.main_cost_value number
insights.highest_cost.timestamp string
insights.last_message object
insights.last_message.cost number
insights.last_message.index number
insights.last_message.main_cost_component string
insights.last_message.main_cost_value number
insights.last_message.timestamp string
insights.message_count number
insights.recent_avg_cost number
insights.trend_window number
last_message_model string
last_message_usage object
last_message_usage.cache_creation object
last_message_usage.cache_creation.ephemeral_1h_input_tokens number
last_message_usage.cache_creation.ephemeral_5m_input_tokens number
last_message_usage.cache_creation_input_tokens number
last_message_usage.cache_read_input_tokens number
last_message_usage.input_tokens number
last_message_usage.output_tokens number
message_count number
parent_cost object
parent_cost.cache_read_cost number
parent_cost.cache_savings number
parent_cost.cache_write_1h_cost number
parent_cost.cache_write_5m_cost number
parent_cost.input_cost number
parent_cost.output_cost number
parent_cost.total_cost number
parent_cost_by_model object
parent_cost_by_model.* object
parent_cost_by_model.*.cache_read_cost number
parent_cost_by_model.*.cache_savings number
parent_cost_by_model.*.cache_write_1h_cost number
parent_cost_by_model.*.cache_write_5m_cost number
parent_cost_by_model.*.input_cost number
parent_cost_by_model.*.output_cost number
parent_cost_by_model.*.total_cost number
parent_message_count number
project_path string
session_count number
session_file string
session_id string
skipped_agents number
skipped_lines number
start_time string
title string
total_cost object
total_cost.cache_read_cost number
total_cost.cache_savings number
total_cost.cache_write_1h_cost number
total_cost.cache_write_5m_cost number
total_cost.input_cost number
total_cost.output_cost number
total_cost.total_cost number
total_usage object
total_usage.cache_creation object
total_usage.cache_creation.ephemeral_1h_input_tokens number
total_usage.cache_creation.ephemeral_5m_input_tokens number
total_usage.cache_creation_input_tokens number
total_usage.cache_read_input_tokens number
total_usage.input_tokens number
total_usage.output_tokens number
workflow_count number
workflows array
workflows[] object
workflows[].cost number
workflows[].name string
workflows[].run_id string
workflows[].status string
