sessions array
sessions[] object
sessions[].agent_count number
sessions[].agent_message_count number
sessions[].agents_cost object
sessions[].agents_cost.cache_read_cost number
sessions[].agents_cost.cache_savings number
sessions[].agents_cost.cache_write_1h_cost number
sessions[].agents_cost.cache_write_5m_cost number
sessions[].agents_cost.input_cost number
sessions[].agents_cost.output_cost number
sessions[].agents_cost.total_cost number
sessions[].context object
sessions[].context.percent number
sessions[].context.tokens number
sessions[].context.window number
sessions[].cost_by_model object
sessions[].cost_by_model.* object
sessions[].cost_by_model.*.cache_read_cost number
sessions[].cost_by_model.*.cache_savings number
sessions[].cost_by_model.*.cache_write_1h_cost number
sessions[].cost_by_model.*.cache_write_5m_cost number
sessions[].cost_by_model.*.input_cost number
sessions[].cost_by_model.*.output_cost number
sessions[].cost_by_model.*.total_cost number
sessions[].duration string
sessions[].duration_seconds number
sessions[].end_time string
sessions[].estimated_cost_messages number
sessions[].has_agents boolean
sessions[].insights object
sessions[].insights.average_cost number
sessions[].insights.cost_trend string
sessions[].insights.first_message object
sessions[].insights.first_message.cost number
sessions[].insights.first_message.index number
sessions[].insights.first_message.main_cost_component string
sessions[].insights.first_message.main_cost_value number
sessions[].insights.first_message.timestamp string
sessions[].insights.highest_cost object
sessions[].insights.highest_cost.cost number
sessions[].insights.highest_cost.index number
sessions[].insights.highest_cost.main_cost_component string
sessions[].insights.highest_cost.main_cost_value number
sessions[].insights.highest_cost.timestamp string
sessions[].insights.last_message object
sessions[].insights.last_message.cost number
sessions[].insights.last_message.index number
sessions[].insights.last_message.main_cost_component string
sessions[].insights.last_message.main_cost_value number
sessions[].insights.last_message.timestamp string
sessions[].insights.message_count number
sessions[].insights.recent_avg_cost number
sessions[].insights.trend_window number
sessions[].last_message_model string
sessions[].last_message_usage object
sessions[].last_message_usage.cache_creation object
sessions[].last_message_usage.cache_creation.ephemeral_1h_input_tokens number
sessions[].last_message_usage.cache_creation.ephemeral_5m_input_tokens number
sessions[].last_message_usage.cache_creation_input_tokens number
sessions[].last_message_usage.cache_read_input_tokens number
sessions[].last_message_usage.input_tokens number
sessions[].last_message_usage.output_tokens number
sessions[].message_count number
sessions[].parent_cost object
sessions[].parent_cost.cache_read_cost number
sessions[].parent_cost.cache_savings number
sessions[].parent_cost.cache_write_1h_cost number
sessions[].parent_cost.cache_write_5m_cost number
sessions[].parent_cost.input_cost number
sessions[].parent_cost.output_cost number
sessions[].parent_cost.total_cost number
sessions[].parent_cost_by_model object
sessions[].parent_cost_by_model.* object
sessions[].parent_cost_by_model.*.cache_read_cost number
sessions[].parent_cost_by_model.*.cache_savings number
sessions[].parent_cost_by_model.*.cache_write_1h_cost number
sessions[].parent_cost_by_model.*.cache_write_5m_cost number
sessions[].parent_cost_by_model.*.input_cost number
sessions[].parent_cost_by_model.*.output_cost number
sessions[].parent_cost_by_model.*.total_cost number
sessions[].parent_message_count number
sessions[].project_path string
sessions[].session_count number
sessions[].session_file string
sessions[].session_id string
sessions[].skipped_agents number
sessions[].skipped_lines number
sessions[].start_time string
sessions[].title string
sessions[].total_cost object
sessions[].total_cost.cache_read_cost number
sessions[].total_cost.cache_savings number
sessions[].total_cost.cache_write_1h_cost number
sessions[].total_cost.cache_write_5m_cost number
sessions[].total_cost.input_cost number
sessions[].total_cost.output_cost number
sessions[].total_cost.total_cost number
sessions[].total_usage object
sessions[].total_usage.cache_creation object
sessions[].total_usage.cache_creation.ephemeral_1h_input_tokens number
sessions[].total_usage.cache_creation.ephemeral_5m_input_tokens number
sessions[].total_usage.cache_creation_input_tokens number
sessions[].total_usage.cache_read_input_tokens number
sessions[].total_usage.input_tokens number
sessions[].total_usage.output_tokens number
sessions[].unpriced_models array
sessions[].unpriced_models[] string
sessions[].workflow_count number
sessions[].workflows array
sessions[].workflows[] object
sessions[].workflows[].cost number
sessions[].workflows[].name string
sessions[].workflows[].run_id string
sessions[].workflows[].status string
summary object
summary.agent_count number
summary.agent_message_count number
summary.agents_cost object
summary.agents_cost.cache_read_cost number
summary.agents_cost.cache_savings number
summary.agents_cost.cache_write_1h_cost number
summary.agents_cost.cache_write_5m_cost number
summary.agents_cost.input_cost number
summary.agents_cost.output_cost number
summary.agents_cost.total_cost number
summary.cost_by_model object
summary.cost_by_model.* object
summary.cost_by_model.*.cache_read_cost number
summary.cost_by_model.*.cache_savings number
summary.cost_by_model.*.cache_write_1h_cost number
summary.cost_by_model.*.cache_write_5m_cost number
summary.cost_by_model.*.input_cost number
summary.cost_by_model.*.output_cost number
summary.cost_by_model.*.total_cost number
summary.duration string
summary.duration_seconds number
summary.end_time string
summary.estimated_cost_messages number
summary.has_agents boolean
summary.last_message_model string
summary.last_message_usage object
summary.last_message_usage.cache_creation_input_tokens number
summary.last_message_usage.cache_read_input_tokens number
summary.last_message_usage.input_tokens number
summary.last_message_usage.output_tokens number
summary.message_count number
summary.parent_cost object
summary.parent_cost.cache_read_cost number
summary.parent_cost.cache_savings number
summary.parent_cost.cache_write_1h_cost number
summary.parent_cost.cache_write_5m_cost number
summary.parent_cost.input_cost number
summary.parent_cost.output_cost number
summary.parent_cost.total_cost number
summary.parent_cost_by_model object
summary.parent_cost_by_model.* object
summary.parent_cost_by_model.*.cache_read_cost number
summary.parent_cost_by_model.*.cache_savings number
summary.parent_cost_by_model.*.cache_write_1h_cost number
summary.parent_cost_by_model.*.cache_write_5m_cost number
summary.parent_cost_by_model.*.input_cost number
summary.parent_cost_by_model.*.output_cost number
summary.parent_cost_by_model.*.total_cost number
summary.parent_message_count number
summary.project_path string
summary.session_count number
summary.session_id string
summary.skipped_agents number
summary.skipped_lines number
summary.skipped_sessions number
summary.start_time string
summary.total_cost object
summary.total_cost.cache_read_cost number
summary.total_cost.cache_savings number
summary.total_cost.cache_write_1h_cost number
summary.total_cost.cache_write_5m_cost number
summary.total_cost.input_cost number
summary.total_cost.output_cost number
summary.total_cost.total_cost number
summary.total_usage object
summary.total_usage.cache_creation object
summary.total_usage.cache_creation.ephemeral_1h_input_tokens number
summary.total_usage.cache_creation.ephemeral_5m_input_tokens number
summary.total_usage.cache_creation_input_tokens number
summary.total_usage.cache_read_input_tokens number
summary.total_usage.input_tokens number
summary.total_usage.output_tokens number
summary.unpriced_models array
summary.unpriced_models[] string
summary.window object
summary.window.since string
summary.window.until string
summary.workflow_count number
