agent_count number
agent_message_count number
agents_cost object
agents_cost.cache_read_cost number
agents_cost.cache_savings number
agents_cost.cache_write_1h_cost number
agents_cost.cache_write_5m_cost number
agents_cost.input_cost number
agents_cost.output_cost number
agents_cost.total_cost number
cost_by_model object
cost_by_model.* object
cost_by_model.*.cache_read_cost number
cost_by_model.*.cache_savings number
cost_by_model.*.cache_write_1h_cost number
cost_by_model.*.cache_write_5m_cost number
cost_by_model.*.input_cost number
cost_by_model.*.output_cost number
cost_by_model.*.total_cost number
duration string
duration_seconds number
end_time string
estimated_cost_messages number
has_agents boolean
last_message_model string
last_message_usage object
last_message_usage.cache_creation_input_tokens number
last_message_usage.cache_read_input_tokens number
last_message_usage.input_tokens number
last_message_usage.output_tokens number
message_count number
parent_cost object
parent_cost.cache_read_cost number
parent_cost.cache_savings number
parent_cost.cache_write_1h_cost number
parent_cost.cache_write_5m_cost number
parent_cost.input_cost number
parent_cost.output_cost number
parent_cost.total_cost number
parent_cost_by_model object
parent_cost_by_model.* object
parent_cost_by_model.*.cache_read_cost number
parent_cost_by_model.*.cache_savings number
parent_cost_by_model.*.cache_write_1h_cost number
parent_cost_by_model.*.cache_write_5m_cost number
parent_cost_by_model.*.input_cost number
parent_cost_by_model.*.output_cost number
parent_cost_by_model.*.total_cost number
parent_message_count number
project_path string
session_count number
session_id string
skipped_agents number
skipped_lines number
skipped_sessions number
start_time string
total_cost object
total_cost.cache_read_cost number
total_cost.cache_savings number
total_cost.cache_write_1h_cost number
total_cost.cache_write_5m_cost number
total_cost.input_cost number
total_cost.output_cost number
total_cost.total_cost number
total_usage object
total_usage.cache_creation object
total_usage.cache_creation.ephemeral_1h_input_tokens number
total_usage.cache_creation.ephemeral_5m_input_tokens number
total_usage.cache_creation_input_tokens number
total_usage.cache_read_input_tokens number
total_usage.input_tokens number
total_usage.output_tokens number
window object
window.since string
window.until string
workflow_count number
