[38;5;245m╔[0m[38;5;245m══════════════════════════════════════════════════════════════════════════[0m[38;5;245m╗[0m
[38;5;245m║[0m  [38;5;43mGlobal:[0m 5 projects  [38;5;245m│[0m  68 sessions  [38;5;245m│[0m  Duration: 45d                    [38;5;245m║[0m
[38;5;245m╚[0m[38;5;245m══════════════════════════════════════════════════════════════════════════[0m[38;5;245m╝[0m

[38;5;245m────────────────────[0m[ [1;38;5;42m$191.38 API-equivalent estimate[0m ][38;5;245m─────────────────────[0m

  Input             $40.00           2.35M tokens
  [38;5;75mOutput        [0m    $90.00           1.23M tokens
  [38;5;214mCache write   [0m    $30.00           3.00M tokens  [38;5;245m5m TTL[0m
  [38;5;214mCache write   [0m    $11.38          500.0K tokens  [38;5;245m1h TTL[0m
  [38;5;43mCache read    [0m    $20.00         200.00M tokens
  [38;5;43mSavings       [0m   [38;5;43m$180.00[0m    [38;5;245m(from cache reads)[0m

[38;5;245m─────────────────────────────[0m[ [38;5;43mCOST BY MODEL[0m ][38;5;245m──────────────────────────────[0m

    [38;5;99mOpus 4.8    [0m    $150.00  
    [38;5;75mSonnet 5    [0m     $40.00  
    [38;5;43mHaiku 4.5   [0m      $1.38  

[38;5;245m───────────────────────[0m[ [38;5;43mPROJECTS (3 of 5, by cost)[0m ][38;5;245m───────────────────────[0m

[1m    #  PROJECT                     SESSIONS       COST  % TOTAL  LAST ACTIVE[0m
  [38;5;245m──────────────────────────────────────────────────────────────────────────[0m
  [38;5;245m  1[0m  example                     [38;5;245m      42[0m  [38;5;196m$123.45[0m    [38;5;245m  64.5%[0m  [38;5;245m    30m ago[0m
  [38;5;245m  2[0m  …e-that-exceeds-the-column  [38;5;245m      17[0m   [38;5;252m$56.78[0m    [38;5;245m  29.7%[0m  [38;5;245m     1d ago[0m
  [38;5;245m  3[0m  web-app                     [38;5;245m       5[0m    [38;5;252m$9.87[0m    [38;5;245m   5.2%[0m  [38;5;245m     4d ago[0m
  [38;5;245m──────────────────────────────────────────────────────────────────────────[0m
  [38;5;245m(2 more projects totaling $1.28)[0m

[38;5;245m════════════════════════════════════════════════════════════════════════════[0m
[38;5;245mTotal: $191.38  │  Messages: 4.3K  │  Sessions: 68  │  Projects: 5[0m
[38;5;245m────────────────────────────────────────────────────────────────────────────[0m