+==============================================================================================+
|  Global: 5 projects  |  68 sessions  |  Duration: 45d                                        |
+==============================================================================================+

---------------------------------------[ $191.38 TOTAL ]----------------------------------------

  Input             $40.00           2.35M tokens
  Output            $90.00           1.23M tokens
  Cache write       $30.00           3.00M tokens  5m TTL
  Cache write       $11.38          500.0K tokens  1h TTL
  Cache read        $20.00         200.00M tokens
  Savings          $180.00    (from cache reads)

---------------------------------------[ COST BY MODEL ]----------------------------------------

    Opus 4.8     $150.00
    Sonnet 5     $40.00
    Haiku 4.5    $1.38

--------------------------------------[ ALL PROJECTS (5) ]--------------------------------------

    #   PROJECT                                        SESSIONS        COST  % TOTAL  CUMULATIVE
  ----------------------------------------------------------------------------------------------
    1   example                                              42   $123.45      64.5%   $123.45  
    2   a-very-long-proj...me-that-exceeds-the-column        17    $56.78      29.7%   $180.23  
    3   web-app                                               5     $9.87       5.2%   $190.10  
    4   dotfiles                                              3     $1.23       0.6%   $191.33  
    5   scratch                                               1     $0.0500     0.0%   $191.38  
  ----------------------------------------------------------------------------------------------

================================================================================================
Total: $191.38  |  Messages: 4.3K  |  Sessions: 68  |  Projects: 5
------------------------------------------------------------------------------------------------