[38;5;245m╔══════════════════════════════════════════════════════════════════════════╗[0m
[38;5;245m║[0m  [38;5;43m4[0m sessions                                                              [38;5;245m║[0m
[38;5;245m╚══════════════════════════════════════════════════════════════════════════╝[0m

[1m  ID        WHEN       LENGTH  MODEL       AGENTS      COST  TITLE[0m
[38;5;245m  ──────────────────────────────────────────────────────────────────────────[0m
  0a1b2c3d  [38;5;245m30m ago [0m  [38;5;245m 1h 23m[0m  [38;5;99mOpus 4.8  [0m  [38;5;245m     2[0m  [38;5;196m$12.34[0m    Refactor the auth middleware to use short-lived tokens
  01234567  [38;5;245m13h ago [0m  [38;5;245m 47m 5s[0m  [38;5;75mSonnet 5  [0m  [38;5;245m     -[0m   [38;5;252m$0.4321[0m  -
[38;5;245m  sess-emp  4d ago          -  -                -         -  (no replies yet)[0m
[38;5;245m  deadbeef  2mo ago         -  -                -         -  (unreadable)[0m

[38;5;245m────────────────────────────────────────────────────────────────────────────[0m