[38;5;245m╔══════════════════════════════════════════════════════════════════════════╗[m
[38;5;245m║[m  [38;5;43m~/src/app[m[38;5;245m  │  [m4 sessions                                                [38;5;245m║[m
[38;5;245m╚══════════════════════════════════════════════════════════════════════════╝[m

[1m  ID        WHEN      LENGTH  MODEL       AGENTS      COST  TITLE[m
[38;5;245m  ──────────────────────────────────────────────────────────────────────────[m
  0a1b2c3d  [38;5;245m30m ago [m  [38;5;245m1h 23m[m  [38;5;99mOpus 4.8  [m  [38;5;245m     2[m  [38;5;196m$12.34[m    Refactor the auth middleware to use short-lived tokens
  01234567  [38;5;245m13h ago [m  [38;5;245m47m 5s[m  [38;5;75mSonnet 5  [m  [38;5;245m     -[m   [38;5;252m$0.4321[m  -
[38;5;245m  sess-emp  4d ago         -  -                -         -  (no replies yet)[m
[38;5;245m  deadbeef  2mo ago        -  -                -         -  (unreadable)[m

[38;5;245m────────────────────────────────────────────────────────────────────────────[m