+==========================================================================+
|  3 sessions                                                              |
+==========================================================================+

Session ID                            Messages   Agents  Modified
----------------------------------------------------------------------------
0a1b2c3d-4e5f-6789-abcd-ef0123456789        24   2 (13)  2026-01-15 11:30
0123456789abcdef0123456789abcdef0...       150        -  2026-01-14 22:05
sess-empty                                   0        -  2026-01-11 07:00

----------------------------------------------------------------------------