[38;5;245m╔[0m[38;5;245m══════════════════════════════════════════════════════════════════════════[0m[38;5;245m╗[0m
[38;5;245m║[0m  [38;5;43mSummary:[0m 1 session  [38;5;245m│[0m  Duration: 20m                                    [38;5;245m║[0m
[38;5;245m╚[0m[38;5;245m══════════════════════════════════════════════════════════════════════════[0m[38;5;245m╝[0m

[38;5;245m────────────────────[0m[ [1;38;5;42m$0.1100 API-equivalent estimate[0m ][38;5;245m─────────────────────[0m

  Input              $0.0315         11.5K tokens
  [38;5;75mOutput        [0m     $0.0785          5.7K tokens

[38;5;245m─────────────────────────────[0m[ [38;5;43mCOST BY MODEL[0m ][38;5;245m──────────────────────────────[0m

    [38;5;99mOpus 4.8    [0m      $0.0700
    [38;5;75mSonnet 5    [0m      $0.0280
    [38;5;43mHaiku 4.5   [0m      $0.0120

[38;5;245m───────────────────────────[0m[ [38;5;43mSESSION BREAKDOWN[0m ][38;5;245m────────────────────────────[0m

[1m     # SESSION   MODIFIED      MODEL                COST  CUMULATIVE[0m
  [38;5;245m────────────────────────────────────────────────────────────────────────[0m
  [38;5;245m   1[0m dddd4444  [38;5;245m20 JAN 09:30[0m  [38;5;99mOpus 4.8       [0m   [38;5;252m$0.1100[0m     [38;5;42m$0.1100[0m
       [38;5;245m├─ [0m[38;5;214m[Areg1]   [0m [38;5;43mHaiku 4.5 [0m [38;5;245m   1 msg[0m         [38;5;245m$0.0070[0m
       [38;5;245m├─ [0m[38;5;245mworkflow: audit-codebase (completed)[0m   [38;5;245m$0.0805[0m
       [38;5;245m│  ├─ [0m[38;5;214m[Awf1]    [0m [38;5;99mOpus 4.8  [0m [38;5;245m   1 msg[0m      [38;5;245m$0.0525[0m
       [38;5;245m│  └─ [0m[38;5;212m[Awf2]    [0m [38;5;75mSonnet 5  [0m [38;5;245m   1 msg[0m      [38;5;245m$0.0280[0m
       [38;5;245m└─ [0m[38;5;245mworkflow: second-pass (running)[0m        [38;5;245m$0.0050[0m
       [38;5;245m   └─ [0m[38;5;43m[Awf3]    [0m [38;5;43mHaiku 4.5 [0m [38;5;245m   1 msg[0m      [38;5;245m$0.0050[0m
  [38;5;245m────────────────────────────────────────────────────────────────────────[0m
  Sum (1 session):                                           [38;5;42m$0.1100[0m

[38;5;245m════════════════════════════════════════════════════════════════════════════[0m
[38;5;245mTotal: $0.1100  │  Messages: 5 (1 parent, 4 agents)  │  Sessions: 1[0m
[38;5;245m────────────────────────────────────────────────────────────────────────────[0m
[38;5;245mProject: /home/user/src/app[0m