[38;5;245m╔══════════════════════════════════════════════════════════════════════════╗[m
[38;5;245m║[m  [38;5;43m~/src/app[m[38;5;245m  │  [m1 session  │  Span: Jan 20                                [38;5;245m║[m
[38;5;245m╚══════════════════════════════════════════════════════════════════════════╝[m

[38;5;245m────────────────────[m[ [1;38;5;42m$0.1100 API-equivalent estimate[m ][38;5;245m─────────────────────[m

  Input              $0.0315         11.5K tokens
  [38;5;75mOutput        [m     $0.0785          5.7K tokens

[38;5;245m─────────────────────────────[m[ [38;5;43mCOST BY MODEL[m ][38;5;245m──────────────────────────────[m

    [38;5;99mOpus 4.8    [m      $0.0700
    [38;5;75mSonnet 5    [m      $0.0280
    [38;5;43mHaiku 4.5   [m      $0.0120

[38;5;245m───────────────────────────[m[ [38;5;43mSESSION BREAKDOWN[m ][38;5;245m────────────────────────────[m

[1m     # SESSION   MODIFIED      MODEL                COST[m
  [38;5;245m────────────────────────────────────────────────────────────────────────[m
  [38;5;245m   1[m dddd4444  [38;5;245mJan 20 09:30[m  [38;5;99mOpus 4.8       [m   [38;5;252m$0.1100[m
       [38;5;245m├─ [m[38;5;214m[Areg1]   [m [38;5;43mHaiku 4.5 [m [38;5;245m   1 msg[m         [38;5;245m$0.0070[m
       [38;5;245m├─ [m[38;5;245mworkflow: audit-codebase (completed)[m   [38;5;245m$0.0805[m
       [38;5;245m│  ├─ [m[38;5;214m[Awf1]    [m [38;5;99mOpus 4.8  [m [38;5;245m   1 msg[m      [38;5;245m$0.0525[m
       [38;5;245m│  └─ [m[38;5;212m[Awf2]    [m [38;5;75mSonnet 5  [m [38;5;245m   1 msg[m      [38;5;245m$0.0280[m
       [38;5;245m└─ [m[38;5;245mworkflow: second-pass (running)[m        [38;5;245m$0.0050[m
       [38;5;245m   └─ [m[38;5;43m[Awf3]    [m [38;5;43mHaiku 4.5 [m [38;5;245m   1 msg[m      [38;5;245m$0.0050[m
  [38;5;245m────────────────────────────────────────────────────────────────────────[m
  Sum (1 session):                               [38;5;42m$0.1100[m

[38;5;245m════════════════════════════════════════════════════════════════════════════[m
[38;5;245mTotal: $0.1100  │  Messages: 5 (1 parent, 4 agents)  │  Sessions: 1[m
[38;5;245m────────────────────────────────────────────────────────────────────────────[m
[38;5;245mStorage: /home/user/src/app[m