╔══════════════════════════════════════════════════════════════════════════╗
║  Summary: 3 sessions  │  Duration: 2d                                    ║
╚══════════════════════════════════════════════════════════════════════════╝

────────────────────[ $0.2291 API-equivalent estimate ]─────────────────────

  Input              $0.0180          9.1K tokens
  Output             $0.0920          7.4K tokens
  Cache write        $0.0563         20.0K tokens  5m TTL
  Cache write        $0.0100          1.0K tokens  1h TTL
  Cache read         $0.0529        122.0K tokens
  Savings            $0.4761  (from cache reads)

─────────────────────────────[ COST BY MODEL ]──────────────────────────────

    Opus 4.8          $0.1587
    Haiku 4.5         $0.0363
    Sonnet 5          $0.0341

───────────────────────────[ SESSION BREAKDOWN ]────────────────────────────

                                                                        
                                                                        
                                                                        
                                                                        
                                                                     ⢀  
                                                                      ⠑ 
    min: $0.0704  max: $0.1587  (2 sessions)
    10 JAN                                                        12 JAN

     # SESSION   MODIFIED      MODEL           AGENTS      COST CUMULATIVE
  ────────────────────────────────────────────────────────────────────────
     1 aaaa1111  10 JAN 12:00  Opus 4.8             -   $0.1587    $0.1587
     2 bbbb2222  12 JAN 18:30  Haiku 4.5  1 [$0.0341]   $0.0704    $0.2291
     3 cccc3333  14 JAN 09:15  -                    -   (error)          -
  ────────────────────────────────────────────────────────────────────────
  Sum (2 sessions):                                                $0.2291

════════════════════════════════════════════════════════════════════════════
Total: $0.2291  │  Messages: 7 (5 parent, 2 agents)  │  Sessions: 3
────────────────────────────────────────────────────────────────────────────
Project: /home/user/src/app