  ╔═════════════════════════════════════════════════════════════════════════════════╗               
  ║  0a1b2c3d │ ● PINNED │ last msg 5s ago                                          ║               
  ╚═════════════════════════════════════════════════════════════════════════════════╝               