  [38;5;245m╔[0m[38;5;245m═════════════════════════════════════════════════════════════════════════════════[0m[38;5;245m╗[0m               
  [38;5;245m║[0m  0a1b2c3d[38;5;245m │ [0m[1;38;5;42m● PINNED[0m[38;5;245m │ [0mlast msg 5s ago                                          [38;5;245m║[0m               
  [38;5;245m╚[0m[38;5;245m═════════════════════════════════════════════════════════════════════════════════[0m[38;5;245m╝[0m               
  [38;5;245mmain conversation + agents[0m │ [38;5;221mPeak: #5 $1.87 @ 10:42:13 (3.8x avg)[0m │ [38;5;221mTrend: ▲ rising[0m               
                                                                                                    
[1m  #    TIME      AGENT          MODEL             COST      IN    OUT    C_WR    C_RD[0m               
[38;5;245m  ───────────────────────────────────────────────────────────────────────────────────[0m               
  [38;5;245m1  [0m  [38;5;245m10:00:05[0m                 [38;5;99mOpus 4.8  [0m     [38;5;252m$0.3500[0m    1.2K  [38;5;75m  800[0m  [38;5;214m  4.0K[0m  [38;5;43m 20.0K[0m               
  [38;5;245m2  [0m  [38;5;245m10:05:00[0m                 [38;5;99mOpus 4.8  [0m     [38;5;252m$0.5200[0m     400  [38;5;75m 1.5K[0m  [38;5;214m  2.0K[0m  [38;5;43m 30.0K[0m               
  [38;5;245m3  [0m  [38;5;245m10:06:00[0m  [38;5;221m[Ag7h8i9j][0m[38;5;245m   [0m  [38;5;43mHaiku 4.5 [0m     [38;5;252m$0.0400[0m    5.0K  [38;5;75m 2.5K[0m  [38;5;214m 10.0K[0m  [38;5;43m     0[0m               
  [38;5;245m4  [0m  [38;5;245m10:08:00[0m  [38;5;221m[Ag7h8i9j][0m[38;5;245m   [0m  [38;5;43mHaiku 4.5 [0m     [38;5;252m$0.0100[0m     300  [38;5;75m  900[0m  [38;5;214m     0[0m  [38;5;43m 15.0K[0m               
  [38;5;245m5  [0m  [38;5;245m10:42:13[0m                 [38;5;99mOpus 4.8  [0m     [38;5;196m$1.87[0m        90  [38;5;75m 4.2K[0m  [38;5;214m     0[0m  [38;5;43m 50.0K[0m               
  [38;5;245m6  [0m  [38;5;245m11:00:00[0m  [38;5;221m[A9f8e7d6][0m[38;5;245m ac[0m  [38;5;75mSonnet 5  [0m     [38;5;252m$0.0700[0m      40  [38;5;75m 1.1K[0m  [38;5;214m  3.0K[0m  [38;5;43m 21.0K[0m               
  [38;5;245m7  [0m  [38;5;245m11:29:55[0m                 [38;5;75mSonnet 5  [0m     [38;5;252m$0.5500[0m      12  [38;5;75m  600[0m  [38;5;214m  8.0K[0m  [38;5;43m372.0K[0m               
                                                                                                    
                                                                                                    
                                                                                                    
                                                                                                    
                                                                                                    
                                                                                                    
                                                                                                    
                                                                                                    
                                                                                                    
                                                                                                    
                                                                                                    
                                                                                                    
                                                                                                    
                                                                                                    
                                                                                                    
                                                                                                    
                                                                                                    
                                                                                                    
                                                                                                    
                                                                                                    
                                                                                                    
                                                                                                    
                                                                                                    
  [38;5;245m═══════════════════════════════════════════════════════════════════════════════════[0m               
  [38;5;250mMessages: 7[0m[38;5;240m │ [0m[38;5;250mTotal: [0m[38;5;42m$3.41[0m[38;5;240m │ [0m[38;5;221m⚠ 3 skipped line(s)[0m                                                  
  [38;5;245mq quit • j/k scroll • space/b page • g/G top/bottom • f follow • p peak[0m                           