  +==========================================================================+                      
  |  Session: 0a1b2c3d  |  * LIVE  |  Updated: 11:30:00                      |                      
  +==========================================================================+                      
  Peak: #5 $1.87 @ 10:42 (3.3x avg) | Trend: ^ increasing | scope: parent + agents                  
                                                                                                    
  #      TIME      MODEL             COST        IN    OUT    C_WR    C_RD                          
  ----------------------------------------------------------------------------                      
  1      10:00:05  Opus 4.8       $0.3500 .    1.2K    800    4.0K   20.0K                          
  2      10:05:00  Opus 4.8       $0.5200 ^     400   1.5K    2.0K   30.0K                          
  3      10:06:00  Haiku 4.5      $0.0400 v    5.0K   2.5K   10.0K       0  [Ag7h8i9j]              
  4      10:08:00  Haiku 4.5      $0.0100 v     300    900       0   15.0K  [Ag7h8i9j]              
  5      10:42:13  Opus 4.8       $1.87   ^      90   4.2K       0   50.0K                          
  6      11:29:55  Sonnet 5       $0.5500 v      12    600    8.0K  372.0K                          
                                                                                                    
                                                                                                    
                                                                                                    
                                                                                                    
                                                                                                    
                                                                                                    
                                                                                                    
                                                                                                    
                                                                                                    
                                                                                                    
                                                                                                    
                                                                                                    
                                                                                                    
                                                                                                    
                                                                                                    
                                                                                                    
                                                                                                    
                                                                                                    
                                                                                                    
                                                                                                    
                                                                                                    
                                                                                                    
  ============================================================================                      
  Messages: 6 | Total: $3.34 | Scroll: AUTO | ! 3 skipped line(s)                                   
  ----------------------------------------------------------------------------                      
  q: quit | g/G: top/bottom | j/k: scroll                                                           