  ╔══════════════════════════════════════════════════════════════════════════╗                      
  ║  0a1b2c3d │ ● PINNED │ last msg 5s ago                                   ║                      
  ╚══════════════════════════════════════════════════════════════════════════╝                      
  scope: parent + agents │ Peak: #5 $1.87 @ 10:42:13 (3.8x avg) │ Trend: ▲ increasing               
                                                                                                    
  #    TIME      AGENT          MODEL             COST      IN    OUT    C_WR    C_RD               
  ────────────────────────────────────────────────────────────────────────────                      
  1    10:00:05                 Opus 4.8       $0.3500    1.2K    800    4.0K   20.0K               
  2    10:05:00                 Opus 4.8       $0.5200     400   1.5K    2.0K   30.0K               
  3    10:06:00  [Ag7h8i9j]     Haiku 4.5      $0.0400    5.0K   2.5K   10.0K       0               
  4    10:08:00  [Ag7h8i9j]     Haiku 4.5      $0.0100     300    900       0   15.0K               
  5    10:42:13                 Opus 4.8       $1.87        90   4.2K       0   50.0K               
  6    11:00:00  [A9f8e7d6] ac  Sonnet 5       $0.0700      40   1.1K    3.0K   21.0K               
  7    11:29:55                 Sonnet 5       $0.5500      12    600    8.0K  372.0K               
                                                                                                    
                                                                                                    
                                                                                                    
                                                                                                    
                                                                                                    
                                                                                                    
                                                                                                    
                                                                                                    
                                                                                                    
                                                                                                    
                                                                                                    
                                                                                                    
                                                                                                    
                                                                                                    
                                                                                                    
                                                                                                    
                                                                                                    
                                                                                                    
                                                                                                    
                                                                                                    
                                                                                                    
                                                                                                    
                                                                                                    
  ════════════════════════════════════════════════════════════════════════════                      
  Messages: 7 │ Total: $3.41 │ ⚠ 3 skipped line(s)                                                  
  q: quit • g/G: top/bottom • ↑↓: scroll                                                            