  ╔══════════════════════════════════════════════════════════════════════════╗                      
  ║  0a1b2c3d │ ● PINNED │ loading...                                        ║                      
  ╚══════════════════════════════════════════════════════════════════════════╝                      