  0a1b2c3d │ ● FOLLOWING │ no msgs      
                                        
  ──────────[ $0.0000 TOTAL ]───────────
        Awaiting first message...       
                                        
                                        
                                        
                                        
                                        
                                        
                                        
  ══════════════════════════════════════
                                        
  q quit • j/k scroll • ? keys          