    [38;5;245mParent session                          [m      $30.00  
    [38;5;245m3 finished agents     [m [38;5;245m 71 msgs[m                $2.16  
  [1;38;5;42m●[m [38;5;212m[A2000000][m [38;5;75mSonnet 5   [m [38;5;245m 22 msgs[m                $0.9100
    [38;5;245m── workflow: review-changes (completed)[m        $5.30  
    [38;5;245m── workflow: audit-codebase (running)[m          [38;5;245m$2.12[m  
    [38;5;221m[Ac100000][m [38;5;75mSonnet 5   [m [38;5;245m 21 msgs[m                $1.82  
    [38;5;75m[Ac200000][m [38;5;75mSonnet 5   [m [38;5;245m  9 msgs[m                $0.3000
    [38;5;245m── workflow: wf_mixed[m                          [38;5;245m$0.8500[m
    [38;5;75m[Ad100000][m [38;5;75mSonnet 5   [m [38;5;245m  8 msgs[m                $0.2500
  [1;38;5;42m●[m [38;5;75m[Ad200000][m [38;5;75mSonnet 5   [m [38;5;245m 11 msgs[m                $0.6000
    [38;5;245mAgents subtotal                         [m      [1;38;5;42m$11.34[m  
